
> teamwork@0.0.0 build
> vite build

[36mvite v8.0.5 [32mbuilding client environment for production...[36m[39m
[2K
transforming...Ô£ô 2134 modules transformed.
rendering chunks...
computing gzip size...
dist/index.html                   0.74 kB Ôöé gzip:   0.40 kB
dist/assets/index-Dr6vWzDl.css   22.07 kB Ôöé gzip:   5.65 kB
dist/assets/index-DC8jd_8U.js   628.13 kB Ôöé gzip: 173.77 kB

npm : [33m[33m[INEFFECTIVE_DYNAMIC_IMPORT] Warning:[0m src/lib/supabase.js is dynamically imported by src/lib/emails.js but also statically imported by src/components/admin/CreateUserModal.jsx, 
src/components/announcements/AnnouncementFeed.jsx, src/components/auth/ProtectedRoute.jsx, src/components/dashboard/NewTaskForm.jsx, src/components/layout/Sidebar.jsx, ..., dynamic import will not move module into another chunk.
At line:1 char:1
+ npm run build > build-output.txt 2>&1; Get-Content build-output.txt
+ ~~~~~~~~~~~~~~~~~~~~~~~~~~~~~~~~~~~~~
    + CategoryInfo          : NotSpecified: ([33m[33m[INEF... another chunk.:String) [], RemoteException
    + FullyQualifiedErrorId : NativeCommandError
 
[39m
[33m[plugin builtin:vite-reporter] 
(!) Some chunks are larger than 500 kB after minification. Consider:
- Using dynamic import() to code-split the application
- Use build.rolldownOptions.output.codeSplitting to improve chunking: https://rolldown.rs/reference/OutputOptions.codeSplitting
- Adjust chunk size limit for this warning via build.chunkSizeWarningLimit.[39m
[33m[33m[PLUGIN_TIMINGS] Warning:[0m Your build spent significant time in plugins. Here is a breakdown:
  - vite:terser (66%)
  - vite:css (18%)
  - rolldown:vite-resolve (10%)
See https://rolldown.rs/options/checks#plugintimings for more details.
[39m
[32mÔ£ô built in 13.21s[39m
